<?xml version="1.0" encoding="UTF-8"?>
<testng-results ignored="0" total="3" passed="3" failed="0" skipped="0">
  <reporter-output>
  </reporter-output>
  <suite started-at="2024-04-02T15:07:49 IST" name="Gradle suite" finished-at="2024-04-02T15:08:35 IST" duration-ms="46762">
    <groups>
      <group name="Login Flow">
        <method signature="testCase_01.TestCase01(java.lang.String,java.lang.String)[pri:1, instance:qtriptest.tests.testCase_01@5a56cdac]" name="TestCase01" class="qtriptest.tests.testCase_01"/>
      </group> <!-- Login Flow -->
    </groups>
    <test started-at="2024-04-02T15:07:49 IST" name="Gradle test" finished-at="2024-04-02T15:08:35 IST" duration-ms="46762">
      <class name="qtriptest.tests.testCase_01">
        <test-method is-config="true" signature="setup()[pri:0, instance:qtriptest.tests.testCase_01@5a56cdac]" started-at="2024-04-02T15:07:49 IST" name="setup" finished-at="2024-04-02T15:07:52 IST" duration-ms="3791" status="PASS">
          <reporter-output>
          </reporter-output>
        </test-method> <!-- setup -->
        <test-method signature="TestCase01(java.lang.String,java.lang.String)[pri:1, instance:qtriptest.tests.testCase_01@5a56cdac]" started-at="2024-04-02T15:07:54 IST" name="TestCase01" description="Verify user registration - login - logout to QTrip" data-provider="qtripDataProvider" finished-at="2024-04-02T15:08:08 IST" duration-ms="14206" status="PASS">
          <params>
            <param index="0">
              <value>
                <![CDATA[testuser@gmail.com]]>
              </value>
            </param>
            <param index="1">
              <value>
                <![CDATA[abc@123]]>
              </value>
            </param>
          </params>
          <reporter-output>
          </reporter-output>
        </test-method> <!-- TestCase01 -->
        <test-method signature="TestCase01(java.lang.String,java.lang.String)[pri:1, instance:qtriptest.tests.testCase_01@5a56cdac]" started-at="2024-04-02T15:08:08 IST" name="TestCase01" description="Verify user registration - login - logout to QTrip" data-provider="qtripDataProvider" finished-at="2024-04-02T15:08:22 IST" duration-ms="13191" status="PASS">
          <params>
            <param index="0">
              <value>
                <![CDATA[TESTUSER@gmail.com]]>
              </value>
            </param>
            <param index="1">
              <value>
                <![CDATA[123456.0]]>
              </value>
            </param>
          </params>
          <reporter-output>
          </reporter-output>
        </test-method> <!-- TestCase01 -->
        <test-method signature="TestCase01(java.lang.String,java.lang.String)[pri:1, instance:qtriptest.tests.testCase_01@5a56cdac]" started-at="2024-04-02T15:08:22 IST" name="TestCase01" description="Verify user registration - login - logout to QTrip" data-provider="qtripDataProvider" finished-at="2024-04-02T15:08:35 IST" duration-ms="13502" status="PASS">
          <params>
            <param index="0">
              <value>
                <![CDATA[123_USER_low@gmail.com]]>
              </value>
            </param>
            <param index="1">
              <value>
                <![CDATA[QWERTY!!!!]]>
              </value>
            </param>
          </params>
          <reporter-output>
          </reporter-output>
        </test-method> <!-- TestCase01 -->
        <test-method is-config="true" signature="tearDown()[pri:0, instance:qtriptest.tests.testCase_01@5a56cdac]" started-at="2024-04-02T15:08:35 IST" name="tearDown" finished-at="2024-04-02T15:08:35 IST" duration-ms="143" status="PASS">
          <reporter-output>
          </reporter-output>
        </test-method> <!-- tearDown -->
      </class> <!-- qtriptest.tests.testCase_01 -->
    </test> <!-- Gradle test -->
  </suite> <!-- Gradle suite -->
</testng-results>
